Copyright 1986-2018 Xilinx, Inc. All Rights Reserved.
------------------------------------------------------------------------------------
| Tool Version : Vivado v.2018.3 (win64) Build 2405991 Thu Dec  6 23:38:27 MST 2018
| Date         : Wed Mar 13 09:41:12 2019
| Host         : DellG5Laptop running 64-bit major release  (build 9200)
| Command      : report_control_sets -verbose -file UART_RX_control_sets_placed.rpt
| Design       : UART_RX
| Device       : xc7a35t
------------------------------------------------------------------------------------

Control Set Information

Table of Contents
-----------------
1. Summary
2. Histogram
3. Flip-Flop Distribution
4. Detailed Control Set Information

1. Summary
----------

+----------------------------------------------------------+-------+
|                          Status                          | Count |
+----------------------------------------------------------+-------+
| Number of unique control sets                            |    14 |
| Unused register locations in slices containing registers |    70 |
+----------------------------------------------------------+-------+


2. Histogram
------------

+--------+--------------+
| Fanout | Control Sets |
+--------+--------------+
|      1 |            8 |
|      4 |            2 |
|      6 |            1 |
|      8 |            1 |
|     14 |            2 |
+--------+--------------+


3. Flip-Flop Distribution
-------------------------

+--------------+-----------------------+------------------------+-----------------+--------------+
| Clock Enable | Synchronous Set/Reset | Asynchronous Set/Reset | Total Registers | Total Slices |
+--------------+-----------------------+------------------------+-----------------+--------------+
| No           | No                    | No                     |               6 |            3 |
| No           | No                    | Yes                    |               0 |            0 |
| No           | Yes                   | No                     |               0 |            0 |
| Yes          | No                    | No                     |              30 |           10 |
| Yes          | No                    | Yes                    |               0 |            0 |
| Yes          | Yes                   | No                     |              22 |           11 |
+--------------+-----------------------+------------------------+-----------------+--------------+


4. Detailed Control Set Information
-----------------------------------

+----------------+------------------------+------------------+------------------+----------------+
|  Clock Signal  |      Enable Signal     | Set/Reset Signal | Slice Load Count | Bel Load Count |
+----------------+------------------------+------------------+------------------+----------------+
|  clk_IBUF_BUFG | data[5]                | data0            |                1 |              1 |
|  clk_IBUF_BUFG | data[7]                | data0            |                1 |              1 |
|  clk_IBUF_BUFG | data[1]                | data0            |                1 |              1 |
|  clk_IBUF_BUFG | data[0]                | data0            |                1 |              1 |
|  clk_IBUF_BUFG | data[4]                | data0            |                1 |              1 |
|  clk_IBUF_BUFG | data[2]                | data0            |                1 |              1 |
|  clk_IBUF_BUFG | data[3]                | data0            |                1 |              1 |
|  clk_IBUF_BUFG | data[6]                | data0            |                1 |              1 |
|  clk_IBUF_BUFG | TX/bit[3]_i_1__0_n_0   |                  |                1 |              4 |
|  clk_IBUF_BUFG | bit                    |                  |                2 |              4 |
|  clk_IBUF_BUFG |                        |                  |                3 |              6 |
|  clk_IBUF_BUFG | TX/data[7]_i_1_n_0     |                  |                2 |              8 |
|  clk_IBUF_BUFG | TX/counter             | TX/JA_reg[0]_0   |                3 |             14 |
|  clk_IBUF_BUFG | TX/counter[13]_i_1_n_0 |                  |                5 |             14 |
+----------------+------------------------+------------------+------------------+----------------+


